// Jest Snapshot v1, https://goo.gl/fbAQLP

exports[`Test that the stepper renders without crashing 1`] = `
<View
  className="stepper"
>
  <Text
    className="stepper__label"
  />
  <View
    className="stepper__wrapper"
  >
    <Button
      className="stepper__button stepper__button--left"
      onClick={[Function]}
      onTouchEnd={[Function]}
      onTouchStart={[Function]}
      type="button/REGULAR"
    />
    <Text
      className="stepper__value"
    >
      Foo
       
    </Text>
    <Button
      className="stepper__button stepper__button--right"
      onClick={[Function]}
      onTouchEnd={[Function]}
      onTouchStart={[Function]}
      type="button/REGULAR"
    />
  </View>
</View>
`;
